[2025-12-28 16:36:55] ✅ 实验5 Ad Hoc数据分析 - 副本.pdf → Documents
[2025-12-28 16:44:34] ✅ 80道情景问卷.md → Documents
[2025-12-28 17:03:12] ✅ 80道情景问卷 - 副本.md → Others
[2025-12-28 17:03:18] ✅ 80道情景问卷 - 副本.md → Others
[2025-12-28 17:03:26] ✅ 80道情景问卷 - 副本.md → Others
[2025-12-28 17:04:03] ✅ 2025年6月英语六级真题(第1套) - 副本.pdf → Documents
[2025-12-28 20:45:33] ✅ 实验5 Ad Hoc数据分析 - 副本.pdf → Documents
[2025-12-28 20:47:59] ✅ 80道情景问卷 - 副本.md → Others
[2025-12-28 20:48:21] ✅ 80道情景问卷 - 副本.md → Others
[2025-12-28 20:50:50] ✅ 80道情景问卷 - 副本.md → Others
[2025-12-28 20:54:58] ✅ 80道情景问卷 - 副本.md → Others
[2025-12-28 20:55:47] ✅ 2025年6月英语六级真题(第1套) - 副本.pdf → Documents
[2025-12-28 20:56:04] ✅ 2025年6月英语六级真题(第1套) - 副本.pdf → Documents
[2025-12-28 21:00:56] ✅ 实验5 Ad Hoc数据分析 - 副本.pdf → Documents
[2025-12-28 21:08:00] ✅ 80道情景问卷.md → Others
[2025-12-28 21:37:49] ✅ 80道情景问卷 - 副本.md → Others
[2025-12-28 21:59:54] ✅ 80道情景问卷 - 副本.md → Others
[2025-12-28 22:00:09] ✅ 新建 BMP 图像.bmp → Images
[2025-12-29 00:17:31] ✅ 80道情景问卷 - 副本.md → Others
[2025-12-29 00:17:32] ✅ 319307266306.main - 副本.zip → Archives
[2025-12-29 00:17:32] ✅ Firefox Installer - 副本.exe → Executables
[2025-12-29 00:17:33] ✅ 实验5 Ad Hoc数据分析 - 副本.pdf → Documents
[2025-12-29 00:17:33] ✅ 新建 BMP 图像 (2) - 副本.jpg → Images
[2025-12-29 00:17:34] ✅ 新建 BMP 图像 - 副本.bmp → Images
[2025-12-29 00:19:16] ✅ Gemini_Generated_Image_aeasbhaeasbhaeas.png → Images
[2025-12-29 00:19:17] ✅ Gemini_Generated_Image_fie434fie434fie4.png → Images
[2025-12-29 00:30:25] ✅ ［Test］进来发可爱表情包.docx → Documents
[2025-12-29 00:30:25] ✅ “快乐运动，童心飞扬”——小朋友趣味运动会.docx → Documents
[2025-12-29 00:30:26] ✅ “宪法小卫士”学生账号下发.rar → Archives
[2025-12-29 00:30:26] ✅ 《孟子》读后感.docx → Documents
[2025-12-29 00:30:27] ✅ 《诗经》《尚书》读后感.docx → Documents
[2025-12-29 00:30:27] ✅ 【合并】jbxx2-1_20250911_125658.pdf → Documents
[2025-12-29 00:30:28] ✅ 1 团员权利与义务的辩证关系：.docx → Documents
[2025-12-29 00:30:28] ✅ 1.pdf → Documents
[2025-12-29 00:30:29] ✅ 80道情景问卷.md → Others
[2025-12-29 00:30:29] ✅ 319307266306.main.zip → Archives
[2025-12-29 00:30:30] ✅ Firefox Installer.exe → Executables
[2025-12-29 00:30:30] ✅ Gemini_Generated_Image_aeasbhaeasbhaeas.png → Images
[2025-12-29 00:30:31] ✅ Gemini_Generated_Image_fie434fie434fie4.png → Images
[2025-12-29 00:30:31] ✅ Linux复习内容.pptx → Documents
[2025-12-29 00:30:32] ✅ 实验5 Ad Hoc数据分析.pdf → Documents
[2025-12-29 00:30:32] ✅ 项目报告.docx → Documents
[2025-12-29 00:30:33] ✅ 新建 BMP 图像 (2).jpg → Images
[2025-12-29 00:30:33] ✅ 新建 BMP 图像.bmp → Images
[2025-12-29 00:33:27] ✅ 《孟子》读后感.docx → Documents
[2025-12-29 00:33:36] ✅ 《孟子》读后感.docx → Documents
[2025-12-29 00:33:54] ✅ ［Test］进来发可爱表情包.docx → Documents
[2025-12-29 00:33:55] ✅ “快乐运动，童心飞扬”——小朋友趣味运动会.docx → Documents
[2025-12-29 00:34:24] ✅ ［Test］进来发可爱表情包.docx → Documents
